// Jest Snapshot v1, https://goo.gl/fbAQLP

exports[`Errors Authentication Error 1`] = `[Function]`;

exports[`Errors Generic Error 1`] = `[Function]`;

exports[`Errors Network Error 1`] = `[Function]`;
